node.exe : FAIL src/tes
ts/workflow.test.ts 
(10.813 s)
At C:\Program Files\nod
ejs\npx.ps1:29 char:3
+   & $NODE_EXE 
$NPX_CLI_JS $args
+   ~~~~~~~~~~~~~~~~~~~
~~~~~~~~~~
    + CategoryInfo     
         : 
NotSpecified    : 
(FAIL src/tests/.    
..t.ts (10.813 s):S    
tring) [], RemoteEx    
ception
    + 
FullyQualifiedErr    
orId : NativeComman    
dError
 
  ΓùÅ Configurable 
Workflow API ΓÇ║ 1. 
should reject invalid 
input (missing amount 
& credit_score)

    thrown: "Exceeded 
timeout of 5000 ms for 
a hook.
    Add a timeout 
value to this test to 
increase the timeout, 
if this is a 
long-running test. See 
https://jestjs.io/docs/
api#testname-fn-timeout
."

    [0m [90m 3 
|[39m 
[36mimport[39m { env 
} [36mfrom[39m [32m'
@/config/env'[39m[33m
;[39m
     [90m 4 |[39m
    [31m[1m>[22m[39
m[90m 5 |[39m beforeA
ll([36masync[39m () 
[33m=>[39m {
     [90m   |[39m 
[31m[1m^[22m[39m
     [90m 6 |[39m   
[90m// Ensure we 
connect to a test 
database so we don't 
wipe dev[39m
     [90m 7 |[39m   
[90m// Hackathon 
shortcut: just use the 
dev database but a 
different collection 
maybe?[39m
     [90m 8 |[39m   
[90m// Let's just use 
the connection[39m[0m

      at 
Object.<anonymous> (src
/tests/setup.ts:5:1)

  ΓùÅ Configurable 
Workflow API ΓÇ║ 2. 
happy path approval

    thrown: "Exceeded 
timeout of 5000 ms for 
a hook.
    Add a timeout 
value to this test to 
increase the timeout, 
if this is a 
long-running test. See 
https://jestjs.io/docs/
api#testname-fn-timeout
."

    [0m [90m 3 
|[39m 
[36mimport[39m { env 
} [36mfrom[39m [32m'
@/config/env'[39m[33m
;[39m
     [90m 4 |[39m
    [31m[1m>[22m[39
m[90m 5 |[39m beforeA
ll([36masync[39m () 
[33m=>[39m {
     [90m   |[39m 
[31m[1m^[22m[39m
     [90m 6 |[39m   
[90m// Ensure we 
connect to a test 
database so we don't 
wipe dev[39m
     [90m 7 |[39m   
[90m// Hackathon 
shortcut: just use the 
dev database but a 
different collection 
maybe?[39m
     [90m 8 |[39m   
[90m// Let's just use 
the connection[39m[0m

      at 
Object.<anonymous> (src
/tests/setup.ts:5:1)

  ΓùÅ Configurable 
Workflow API ΓÇ║ 3. 
duplicate request 
(idempotency)

    thrown: "Exceeded 
timeout of 5000 ms for 
a hook.
    Add a timeout 
value to this test to 
increase the timeout, 
if this is a 
long-running test. See 
https://jestjs.io/docs/
api#testname-fn-timeout
."

    [0m [90m 3 
|[39m 
[36mimport[39m { env 
} [36mfrom[39m [32m'
@/config/env'[39m[33m
;[39m
     [90m 4 |[39m
    [31m[1m>[22m[39
m[90m 5 |[39m beforeA
ll([36masync[39m () 
[33m=>[39m {
     [90m   |[39m 
[31m[1m^[22m[39m
     [90m 6 |[39m   
[90m// Ensure we 
connect to a test 
database so we don't 
wipe dev[39m
     [90m 7 |[39m   
[90m// Hackathon 
shortcut: just use the 
dev database but a 
different collection 
maybe?[39m
     [90m 8 |[39m   
[90m// Let's just use 
the connection[39m[0m

      at 
Object.<anonymous> (src
/tests/setup.ts:5:1)

  ΓùÅ Configurable 
Workflow API ΓÇ║ 4. 
dependency failure 
retry (forced error)

    thrown: "Exceeded 
timeout of 5000 ms for 
a hook.
    Add a timeout 
value to this test to 
increase the timeout, 
if this is a 
long-running test. See 
https://jestjs.io/docs/
api#testname-fn-timeout
."

    [0m [90m 3 
|[39m 
[36mimport[39m { env 
} [36mfrom[39m [32m'
@/config/env'[39m[33m
;[39m
     [90m 4 |[39m
    [31m[1m>[22m[39
m[90m 5 |[39m beforeA
ll([36masync[39m () 
[33m=>[39m {
     [90m   |[39m 
[31m[1m^[22m[39m
     [90m 6 |[39m   
[90m// Ensure we 
connect to a test 
database so we don't 
wipe dev[39m
     [90m 7 |[39m   
[90m// Hackathon 
shortcut: just use the 
dev database but a 
different collection 
maybe?[39m
     [90m 8 |[39m   
[90m// Let's just use 
the connection[39m[0m

      at 
Object.<anonymous> (src
/tests/setup.ts:5:1)


  ΓùÅ Test suite 
failed to run

    thrown: "Exceeded 
timeout of 5000 ms for 
a hook.
    Add a timeout 
value to this test to 
increase the timeout, 
if this is a 
long-running test. See 
https://jestjs.io/docs/
api#testname-fn-timeout
."

    [0m [90m 12 
|[39m })[33m;[39m
     [90m 13 |[39m
    [31m[1m>[22m[39
m[90m 14 |[39m afterA
ll([36masync[39m () 
[33m=>[39m {
     [90m    |[39m 
[31m[1m^[22m[39m
     [90m 15 |[39m   
[36mawait[39m mongoos
e[33m.[39mconnection
[33m.[39mclose()[33m;
[39m
     [90m 16 |[39m   
redisClient[33m.[39mq
uit()[33m;[39m
     [90m 17 |[39m 
})[33m;[39m[0m

      at 
Object.<anonymous> (src
/tests/setup.ts:14:1)

Test Suites: 1 failed, 
1 total
Tests:       4 failed, 
4 total
Snapshots:   0 total
Time:        11.092 s, 
estimated 13 s
Ran all test suites 
matching src/tests.
Force exiting Jest: 
Have you considered 
using 
`--detectOpenHandles` 
to detect async 
operations that kept 
running after all 
tests finished?
